Flow report for vga_snake
Sat Dec 08 01:06:27 2018
Quartus Prime Version 18.0.0 Build 614 04/24/2018 SJ Lite Edition


---------------------
; Table of Contents ;
---------------------
  1. Legal Notice
  2. Flow Summary
  3. Flow Settings
  4. Flow Non-Default Global Settings
  5. Flow Elapsed Time
  6. Flow OS Summary
  7. Flow Log
  8. Flow Messages
  9. Flow Suppressed Messages



----------------
; Legal Notice ;
----------------
Copyright (C) 2018  Intel Corporation. All rights reserved.
Your use of Intel Corporation's design tools, logic functions 
and other software and tools, and its AMPP partner logic 
functions, and any output files from any of the foregoing 
(including device programming or simulation files), and any 
associated documentation or information are expressly subject 
to the terms and conditions of the Intel Program License 
Subscription Agreement, the Intel Quartus Prime License Agreement,
the Intel FPGA IP License Agreement, or other applicable license
agreement, including, without limitation, that your use is for
the sole purpose of programming logic devices manufactured by
Intel and sold by Intel or its authorized distributors.  Please
refer to the applicable agreement for further details.



+-------------------------------------------------------------------------------+
; Flow Summary                                                                  ;
+---------------------------------+---------------------------------------------+
; Flow Status                     ; Successful - Sat Dec 08 01:06:27 2018       ;
; Quartus Prime Version           ; 18.0.0 Build 614 04/24/2018 SJ Lite Edition ;
; Revision Name                   ; vga_snake                                   ;
; Top-level Entity Name           ; vga_snake                                   ;
; Family                          ; Cyclone V                                   ;
; Device                          ; 5CSEMA5F31C6                                ;
; Timing Models                   ; Final                                       ;
; Logic utilization (in ALMs)     ; 867 / 32,070 ( 3 % )                        ;
; Total registers                 ; 269                                         ;
; Total pins                      ; 35 / 457 ( 8 % )                            ;
; Total virtual pins              ; 0                                           ;
; Total block memory bits         ; 614,400 / 4,065,280 ( 15 % )                ;
; Total DSP Blocks                ; 1 / 87 ( 1 % )                              ;
; Total HSSI RX PCSs              ; 0                                           ;
; Total HSSI PMA RX Deserializers ; 0                                           ;
; Total HSSI TX PCSs              ; 0                                           ;
; Total HSSI PMA TX Serializers   ; 0                                           ;
; Total PLLs                      ; 1 / 6 ( 17 % )                              ;
; Total DLLs                      ; 0 / 4 ( 0 % )                               ;
+---------------------------------+---------------------------------------------+


+-----------------------------------------+
; Flow Settings                           ;
+-------------------+---------------------+
; Option            ; Setting             ;
+-------------------+---------------------+
; Start date & time ; 12/08/2018 00:51:16 ;
; Main task         ; Compilation         ;
; Revision Name     ; vga_snake           ;
+-------------------+---------------------+


+-------------------------------------------------------------------------------------------------------------------------------------+
; Flow Non-Default Global Settings                                                                                                    ;
+-------------------------------------+----------------------------------------+---------------+---------------------+----------------+
; Assignment Name                     ; Value                                  ; Default Value ; Entity Name         ; Section Id     ;
+-------------------------------------+----------------------------------------+---------------+---------------------+----------------+
; COMPILER_SIGNATURE_ID               ; 66002176456164.154425187508232         ; --            ; --                  ; --             ;
; EDA_OUTPUT_DATA_FORMAT              ; Verilog Hdl                            ; --            ; --                  ; eda_simulation ;
; EDA_SIMULATION_TOOL                 ; ModelSim-Altera (Verilog)              ; <None>        ; --                  ; --             ;
; EDA_TIME_SCALE                      ; 1 ps                                   ; --            ; --                  ; eda_simulation ;
; MAX_CORE_JUNCTION_TEMP              ; 85                                     ; --            ; --                  ; --             ;
; MIN_CORE_JUNCTION_TEMP              ; 0                                      ; --            ; --                  ; --             ;
; MISC_FILE                           ; video_pll.cmp                          ; --            ; --                  ; --             ;
; MISC_FILE                           ; snake_ram_inst.v                       ; --            ; --                  ; --             ;
; MISC_FILE                           ; snake_ram_bb.v                         ; --            ; --                  ; --             ;
; PARTITION_COLOR                     ; -- (Not supported for targeted family) ; --            ; simple_vga          ; Top            ;
; PARTITION_COLOR                     ; -- (Not supported for targeted family) ; --            ; text_video_example  ; Top            ;
; PARTITION_COLOR                     ; -- (Not supported for targeted family) ; --            ; text_video_example2 ; Top            ;
; PARTITION_COLOR                     ; -- (Not supported for targeted family) ; --            ; vga_mystic          ; Top            ;
; PARTITION_COLOR                     ; -- (Not supported for targeted family) ; --            ; --                  ; Top            ;
; PARTITION_FITTER_PRESERVATION_LEVEL ; -- (Not supported for targeted family) ; --            ; simple_vga          ; Top            ;
; PARTITION_FITTER_PRESERVATION_LEVEL ; -- (Not supported for targeted family) ; --            ; text_video_example  ; Top            ;
; PARTITION_FITTER_PRESERVATION_LEVEL ; -- (Not supported for targeted family) ; --            ; text_video_example2 ; Top            ;
; PARTITION_FITTER_PRESERVATION_LEVEL ; -- (Not supported for targeted family) ; --            ; vga_mystic          ; Top            ;
; PARTITION_FITTER_PRESERVATION_LEVEL ; -- (Not supported for targeted family) ; --            ; --                  ; Top            ;
; PARTITION_NETLIST_TYPE              ; -- (Not supported for targeted family) ; --            ; simple_vga          ; Top            ;
; PARTITION_NETLIST_TYPE              ; -- (Not supported for targeted family) ; --            ; text_video_example  ; Top            ;
; PARTITION_NETLIST_TYPE              ; -- (Not supported for targeted family) ; --            ; text_video_example2 ; Top            ;
; PARTITION_NETLIST_TYPE              ; -- (Not supported for targeted family) ; --            ; vga_mystic          ; Top            ;
; PARTITION_NETLIST_TYPE              ; -- (Not supported for targeted family) ; --            ; --                  ; Top            ;
; POWER_BOARD_THERMAL_MODEL           ; None (CONSERVATIVE)                    ; --            ; --                  ; --             ;
; POWER_PRESET_COOLING_SOLUTION       ; 23 MM HEAT SINK WITH 200 LFPM AIRFLOW  ; --            ; --                  ; --             ;
; PROJECT_OUTPUT_DIRECTORY            ; output_files                           ; --            ; --                  ; --             ;
; SYNTHESIS_ONLY_QIP                  ; On                                     ; --            ; --                  ; --             ;
+-------------------------------------+----------------------------------------+---------------+---------------------+----------------+


+--------------------------------------------------------------------------------------------------------------------------+
; Flow Elapsed Time                                                                                                        ;
+----------------------+--------------+-------------------------+---------------------+------------------------------------+
; Module Name          ; Elapsed Time ; Average Processors Used ; Peak Virtual Memory ; Total CPU Time (on all processors) ;
+----------------------+--------------+-------------------------+---------------------+------------------------------------+
; Analysis & Synthesis ; 00:00:22     ; 1.0                     ; 4878 MB             ; 00:00:43                           ;
; Fitter               ; 00:12:27     ; 1.0                     ; 6740 MB             ; 00:14:33                           ;
; Assembler            ; 00:00:13     ; 1.0                     ; 4887 MB             ; 00:00:14                           ;
; Timing Analyzer      ; 00:00:17     ; 1.9                     ; 5238 MB             ; 00:00:29                           ;
; EDA Netlist Writer   ; 00:00:04     ; 1.0                     ; 4894 MB             ; 00:00:04                           ;
; Total                ; 00:13:23     ; --                      ; --                  ; 00:16:03                           ;
+----------------------+--------------+-------------------------+---------------------+------------------------------------+


+------------------------------------------------------------------------------------+
; Flow OS Summary                                                                    ;
+----------------------+------------------+------------+------------+----------------+
; Module Name          ; Machine Hostname ; OS Name    ; OS Version ; Processor type ;
+----------------------+------------------+------------+------------+----------------+
; Analysis & Synthesis ; DESKTOP-J1T8A4Q  ; Windows 10 ; 10.0       ; x86_64         ;
; Fitter               ; DESKTOP-J1T8A4Q  ; Windows 10 ; 10.0       ; x86_64         ;
; Assembler            ; DESKTOP-J1T8A4Q  ; Windows 10 ; 10.0       ; x86_64         ;
; Timing Analyzer      ; DESKTOP-J1T8A4Q  ; Windows 10 ; 10.0       ; x86_64         ;
; EDA Netlist Writer   ; DESKTOP-J1T8A4Q  ; Windows 10 ; 10.0       ; x86_64         ;
+----------------------+------------------+------------+------------+----------------+


------------
; Flow Log ;
------------
quartus_map --read_settings_files=on --write_settings_files=off vga_snake -c vga_snake
quartus_fit --read_settings_files=on --write_settings_files=off vga_snake -c vga_snake
quartus_asm --read_settings_files=on --write_settings_files=off vga_snake -c vga_snake
quartus_sta vga_snake -c vga_snake
quartus_eda --read_settings_files=on --write_settings_files=off vga_snake -c vga_snake



